wrote /Volumes/code/YUMI/openspec/changes/archive/2026-09-17-rebuild-yumi-ui-system/baselines/interact-check/workbench.json
CHECK {"page":"workbench","renderer":{"innerWidth":1440,"innerHeight":920},"statesRequested":["dialog","sheet","popover","invalid"],"runtimeErrorsInstalled":true,"runtimeErrors":[],"consoleMessages":[{"level":2,"message":"%cElectron Security Warning (Insecure Content-Security-Policy) font-weight: bold; This renderer process has either no Content Security\n  Policy set or a policy with \"unsafe-eval\" enabled. This exposes users of\n  this app to unnecessary security risks.\n\nFor more information and help, consult\nhttps://electronjs.org/docs/tutorial/security.\nThis warning will not show up\nonce the app is packaged.","line":2,"sourceId":"node:electron/js2c/renderer_init"}],"consoleErrors":0,"consoleWarnings":1,"loadFailures":[],"keyboard":{"focusableCount":21,"firstTag":"BUTTON","firstText":"工作台","programmaticFocusReachable":true,"note":"隐藏窗口无系统焦点，Tab 逐键语义由 jsdom 契约层覆盖（select/dialog/sheet 键盘用例）"},"focusRestore":null,"states":[{"state":"dialog","verdict":"no-trigger","ok":false,"phase":"no-trigger","reason":"页面未登记该交互状态可用的触发器"},{"state":"sheet","verdict":"no-trigger","ok":false,"phase":"no-trigger","reason":"页面未登记该交互状态可用的触发器"},{"state":"popover","verdict":"no-trigger","ok":false,"phase":"no-trigger","reason":"页面未登记该交互状态可用的触发器"},{"state":"invalid","verdict":"no-trigger","ok":false,"phase":"no-trigger","reason":"页面未登记该交互状态可用的触发器"}],"reducedMotion":{"matched":true,"durationFast":"0ms"},"remark":"每页 1 条 Electron 开发模式固有 CSP 安全警告（Insecure Content-Security-Policy），打包后不出现，非应用日志，不算失败"}
wrote /Volumes/code/YUMI/openspec/changes/archive/2026-09-17-rebuild-yumi-ui-system/baselines/interact-check/orders.json
CHECK {"page":"orders","renderer":{"innerWidth":1440,"innerHeight":920},"statesRequested":["dialog","sheet","popover","invalid"],"runtimeErrorsInstalled":true,"runtimeErrors":[],"consoleMessages":[{"level":2,"message":"%cElectron Security Warning (Insecure Content-Security-Policy) font-weight: bold; This renderer process has either no Content Security\n  Policy set or a policy with \"unsafe-eval\" enabled. This exposes users of\n  this app to unnecessary security risks.\n\nFor more information and help, consult\nhttps://electronjs.org/docs/tutorial/security.\nThis warning will not show up\nonce the app is packaged.","line":2,"sourceId":"node:electron/js2c/renderer_init"}],"consoleErrors":0,"consoleWarnings":1,"loadFailures":[],"keyboard":{"focusableCount":29,"firstTag":"BUTTON","firstText":"工作台","programmaticFocusReachable":true,"note":"隐藏窗口无系统焦点，Tab 逐键语义由 jsdom 契约层覆盖（select/dialog/sheet 键盘用例）"},"focusRestore":{"ok":true,"dialogOpen":false,"popperOpen":true,"restored":true,"activeText":"全部资金状态"},"states":[{"state":"dialog","verdict":"no-trigger","ok":false,"phase":"no-trigger","reason":"页面未登记该交互状态可用的触发器"},{"state":"sheet","verdict":"ok","ok":true,"phase":"close","opened":true,"close":{"closeable":true,"stillOpen":false,"restored":true,"triggerText":"登记收款或退款","activeText":"登记收款或退款"}},{"state":"popover","verdict":"no-trigger","ok":false,"phase":"no-trigger","reason":"页面未登记该交互状态可用的触发器"},{"state":"invalid","verdict":"no-trigger","ok":false,"phase":"no-trigger","reason":"页面未登记该交互状态可用的触发器"}],"reducedMotion":{"matched":true,"durationFast":"0ms"},"remark":"每页 1 条 Electron 开发模式固有 CSP 安全警告（Insecure Content-Security-Policy），打包后不出现，非应用日志，不算失败"}
[48487:0918/014818.506643:ERROR:shared_image_manager.cc(357)] SharedImageManager::ProduceMemory: Trying to Produce a Memory representation from a non-existent mailbox.
[48487:0918/014818.507609:ERROR:shared_image_manager.cc(357)] SharedImageManager::ProduceMemory: Trying to Produce a Memory representation from a non-existent mailbox.
[48487:0918/014818.507656:ERROR:shared_image_manager.cc(357)] SharedImageManager::ProduceMemory: Trying to Produce a Memory representation from a non-existent mailbox.
[48487:0918/014818.507688:ERROR:shared_image_manager.cc(357)] SharedImageManager::ProduceMemory: Trying to Produce a Memory representation from a non-existent mailbox.
[48487:0918/014818.507709:ERROR:shared_image_manager.cc(357)] SharedImageManager::ProduceMemory: Trying to Produce a Memory representation from a non-existent mailbox.
[48487:0918/014818.507732:ERROR:shared_image_manager.cc(357)] SharedImageManager::ProduceMemory: Trying to Produce a Memory representation from a non-existent mailbox.
[48487:0918/014818.507747:ERROR:shared_image_manager.cc(357)] SharedImageManager::ProduceMemory: Trying to Produce a Memory representation from a non-existent mailbox.
[48487:0918/014818.507768:ERROR:shared_image_manager.cc(357)] SharedImageManager::ProduceMemory: Trying to Produce a Memory representation from a non-existent mailbox.
[48487:0918/014818.507786:ERROR:shared_image_manager.cc(357)] SharedImageManager::ProduceMemory: Trying to Produce a Memory representation from a non-existent mailbox.
[48487:0918/014818.507805:ERROR:shared_image_manager.cc(357)] SharedImageManager::ProduceMemory: Trying to Produce a Memory representation from a non-existent mailbox.
[48487:0918/014818.507822:ERROR:shared_image_manager.cc(357)] SharedImageManager::ProduceMemory: Trying to Produce a Memory representation from a non-existent mailbox.
[48487:0918/014818.507843:ERROR:shared_image_manager.cc(357)] SharedImageManager::ProduceMemory: Trying to Produce a Memory representation from a non-existent mailbox.
[48487:0918/014818.507865:ERROR:shared_image_manager.cc(357)] SharedImageManager::ProduceMemory: Trying to Produce a Memory representation from a non-existent mailbox.
[48487:0918/014818.507886:ERROR:shared_image_manager.cc(357)] SharedImageManager::ProduceMemory: Trying to Produce a Memory representation from a non-existent mailbox.
[48487:0918/014818.507901:ERROR:shared_image_manager.cc(357)] SharedImageManager::ProduceMemory: Trying to Produce a Memory representation from a non-existent mailbox.
[48487:0918/014818.507921:ERROR:shared_image_manager.cc(357)] SharedImageManager::ProduceMemory: Trying to Produce a Memory representation from a non-existent mailbox.
[48487:0918/014818.507937:ERROR:shared_image_manager.cc(357)] SharedImageManager::ProduceMemory: Trying to Produce a Memory representation from a non-existent mailbox.
[48487:0918/014818.507952:ERROR:shared_image_manager.cc(357)] SharedImageManager::ProduceMemory: Trying to Produce a Memory representation from a non-existent mailbox.
[48487:0918/014818.507970:ERROR:shared_image_manager.cc(357)] SharedImageManager::ProduceMemory: Trying to Produce a Memory representation from a non-existent mailbox.
[48487:0918/014818.507984:ERROR:shared_image_manager.cc(357)] SharedImageManager::ProduceMemory: Trying to Produce a Memory representation from a non-existent mailbox.
[48487:0918/014818.507998:ERROR:shared_image_manager.cc(357)] SharedImageManager::ProduceMemory: Trying to Produce a Memory representation from a non-existent mailbox.
[48487:0918/014818.508016:ERROR:shared_image_manager.cc(357)] SharedImageManager::ProduceMemory: Trying to Produce a Memory representation from a non-existent mailbox.
[48487:0918/014818.508035:ERROR:shared_image_manager.cc(357)] SharedImageManager::ProduceMemory: Trying to Produce a Memory representation from a non-existent mailbox.
[48487:0918/014818.508048:ERROR:shared_image_manager.cc(357)] SharedImageManager::ProduceMemory: Trying to Produce a Memory representation from a non-existent mailbox.
[48487:0918/014818.508060:ERROR:shared_image_manager.cc(357)] SharedImageManager::ProduceMemory: Trying to Produce a Memory representation from a non-existent mailbox.
[48487:0918/014818.508073:ERROR:shared_image_manager.cc(357)] SharedImageManager::ProduceMemory: Trying to Produce a Memory representation from a non-existent mailbox.
[48487:0918/014818.508095:ERROR:shared_image_manager.cc(357)] SharedImageManager::ProduceMemory: Trying to Produce a Memory representation from a non-existent mailbox.
[48487:0918/014818.508110:ERROR:shared_image_manager.cc(357)] SharedImageManager::ProduceMemory: Trying to Produce a Memory representation from a non-existent mailbox.
wrote /Volumes/code/YUMI/openspec/changes/archive/2026-09-17-rebuild-yumi-ui-system/baselines/interact-check/products.json
CHECK {"page":"products","renderer":{"innerWidth":1440,"innerHeight":920},"statesRequested":["dialog","sheet","popover","invalid"],"runtimeErrorsInstalled":true,"runtimeErrors":[],"consoleMessages":[{"level":2,"message":"%cElectron Security Warning (Insecure Content-Security-Policy) font-weight: bold; This renderer process has either no Content Security\n  Policy set or a policy with \"unsafe-eval\" enabled. This exposes users of\n  this app to unnecessary security risks.\n\nFor more information and help, consult\nhttps://electronjs.org/docs/tutorial/security.\nThis warning will not show up\nonce the app is packaged.","line":2,"sourceId":"node:electron/js2c/renderer_init"}],"consoleErrors":0,"consoleWarnings":1,"loadFailures":[],"keyboard":{"focusableCount":26,"firstTag":"BUTTON","firstText":"工作台","programmaticFocusReachable":true,"note":"隐藏窗口无系统焦点，Tab 逐键语义由 jsdom 契约层覆盖（select/dialog/sheet 键盘用例）"},"focusRestore":{"ok":true,"dialogOpen":false,"popperOpen":true,"restored":true,"activeText":"全部状态"},"states":[{"state":"dialog","verdict":"no-trigger","ok":false,"phase":"no-trigger","reason":"页面未登记该交互状态可用的触发器"},{"state":"sheet","verdict":"no-trigger","ok":false,"phase":"no-trigger","reason":"页面未登记该交互状态可用的触发器"},{"state":"popover","verdict":"no-trigger","ok":false,"phase":"no-trigger","reason":"页面未登记该交互状态可用的触发器"},{"state":"invalid","verdict":"no-trigger","ok":false,"phase":"no-trigger","reason":"页面未登记该交互状态可用的触发器"}],"reducedMotion":{"matched":true,"durationFast":"0ms"},"remark":"每页 1 条 Electron 开发模式固有 CSP 安全警告（Insecure Content-Security-Policy），打包后不出现，非应用日志，不算失败"}
[48548:0918/014820.725390:ERROR:shared_image_manager.cc(357)] SharedImageManager::ProduceMemory: Trying to Produce a Memory representation from a non-existent mailbox.
[48548:0918/014820.726678:ERROR:shared_image_manager.cc(357)] SharedImageManager::ProduceMemory: Trying to Produce a Memory representation from a non-existent mailbox.
[48548:0918/014820.726726:ERROR:shared_image_manager.cc(357)] SharedImageManager::ProduceMemory: Trying to Produce a Memory representation from a non-existent mailbox.
[48548:0918/014820.726752:ERROR:shared_image_manager.cc(357)] SharedImageManager::ProduceMemory: Trying to Produce a Memory representation from a non-existent mailbox.
[48548:0918/014820.726774:ERROR:shared_image_manager.cc(357)] SharedImageManager::ProduceMemory: Trying to Produce a Memory representation from a non-existent mailbox.
[48548:0918/014820.726794:ERROR:shared_image_manager.cc(357)] SharedImageManager::ProduceMemory: Trying to Produce a Memory representation from a non-existent mailbox.
[48548:0918/014820.726813:ERROR:shared_image_manager.cc(357)] SharedImageManager::ProduceMemory: Trying to Produce a Memory representation from a non-existent mailbox.
[48548:0918/014820.726830:ERROR:shared_image_manager.cc(357)] SharedImageManager::ProduceMemory: Trying to Produce a Memory representation from a non-existent mailbox.
[48548:0918/014820.726850:ERROR:shared_image_manager.cc(357)] SharedImageManager::ProduceMemory: Trying to Produce a Memory representation from a non-existent mailbox.
[48548:0918/014820.726870:ERROR:shared_image_manager.cc(357)] SharedImageManager::ProduceMemory: Trying to Produce a Memory representation from a non-existent mailbox.
[48548:0918/014820.726889:ERROR:shared_image_manager.cc(357)] SharedImageManager::ProduceMemory: Trying to Produce a Memory representation from a non-existent mailbox.
[48548:0918/014820.726939:ERROR:shared_image_manager.cc(357)] SharedImageManager::ProduceMemory: Trying to Produce a Memory representation from a non-existent mailbox.
[48548:0918/014820.726960:ERROR:shared_image_manager.cc(357)] SharedImageManager::ProduceMemory: Trying to Produce a Memory representation from a non-existent mailbox.
[48548:0918/014820.726975:ERROR:shared_image_manager.cc(357)] SharedImageManager::ProduceMemory: Trying to Produce a Memory representation from a non-existent mailbox.
[48548:0918/014820.726991:ERROR:shared_image_manager.cc(357)] SharedImageManager::ProduceMemory: Trying to Produce a Memory representation from a non-existent mailbox.
[48548:0918/014820.727003:ERROR:shared_image_manager.cc(357)] SharedImageManager::ProduceMemory: Trying to Produce a Memory representation from a non-existent mailbox.
[48548:0918/014820.727018:ERROR:shared_image_manager.cc(357)] SharedImageManager::ProduceMemory: Trying to Produce a Memory representation from a non-existent mailbox.
[48548:0918/014820.727035:ERROR:shared_image_manager.cc(357)] SharedImageManager::ProduceMemory: Trying to Produce a Memory representation from a non-existent mailbox.
[48548:0918/014820.727047:ERROR:shared_image_manager.cc(357)] SharedImageManager::ProduceMemory: Trying to Produce a Memory representation from a non-existent mailbox.
[48548:0918/014820.727061:ERROR:shared_image_manager.cc(357)] SharedImageManager::ProduceMemory: Trying to Produce a Memory representation from a non-existent mailbox.
[48548:0918/014820.727074:ERROR:shared_image_manager.cc(357)] SharedImageManager::ProduceMemory: Trying to Produce a Memory representation from a non-existent mailbox.
[48548:0918/014820.727087:ERROR:shared_image_manager.cc(357)] SharedImageManager::ProduceMemory: Trying to Produce a Memory representation from a non-existent mailbox.
[48548:0918/014820.727098:ERROR:shared_image_manager.cc(357)] SharedImageManager::ProduceMemory: Trying to Produce a Memory representation from a non-existent mailbox.
[48548:0918/014820.727112:ERROR:shared_image_manager.cc(357)] SharedImageManager::ProduceMemory: Trying to Produce a Memory representation from a non-existent mailbox.
[48548:0918/014820.727127:ERROR:shared_image_manager.cc(357)] SharedImageManager::ProduceMemory: Trying to Produce a Memory representation from a non-existent mailbox.
[48548:0918/014820.727138:ERROR:shared_image_manager.cc(357)] SharedImageManager::ProduceMemory: Trying to Produce a Memory representation from a non-existent mailbox.
[48548:0918/014820.727154:ERROR:shared_image_manager.cc(357)] SharedImageManager::ProduceMemory: Trying to Produce a Memory representation from a non-existent mailbox.
[48548:0918/014820.727172:ERROR:shared_image_manager.cc(357)] SharedImageManager::ProduceMemory: Trying to Produce a Memory representation from a non-existent mailbox.
wrote /Volumes/code/YUMI/openspec/changes/archive/2026-09-17-rebuild-yumi-ui-system/baselines/interact-check/fulfillment.json
CHECK {"page":"fulfillment","renderer":{"innerWidth":1440,"innerHeight":920},"statesRequested":["dialog","sheet","popover","invalid"],"runtimeErrorsInstalled":true,"runtimeErrors":[],"consoleMessages":[{"level":2,"message":"%cElectron Security Warning (Insecure Content-Security-Policy) font-weight: bold; This renderer process has either no Content Security\n  Policy set or a policy with \"unsafe-eval\" enabled. This exposes users of\n  this app to unnecessary security risks.\n\nFor more information and help, consult\nhttps://electronjs.org/docs/tutorial/security.\nThis warning will not show up\nonce the app is packaged.","line":2,"sourceId":"node:electron/js2c/renderer_init"}],"consoleErrors":0,"consoleWarnings":1,"loadFailures":[],"keyboard":{"focusableCount":22,"firstTag":"BUTTON","firstText":"工作台","programmaticFocusReachable":true,"note":"隐藏窗口无系统焦点，Tab 逐键语义由 jsdom 契约层覆盖（select/dialog/sheet 键盘用例）"},"focusRestore":{"ok":true,"dialogOpen":true,"popperOpen":false,"restored":true,"activeText":"＋ 派工"},"states":[{"state":"dialog","verdict":"no-trigger","ok":false,"phase":"no-trigger","reason":"页面未登记该交互状态可用的触发器"},{"state":"sheet","verdict":"ok","ok":true,"phase":"close","opened":true,"close":{"closeable":true,"stillOpen":false,"restored":true,"triggerText":"＋ 派工","activeText":"＋ 派工"}},{"state":"popover","verdict":"no-trigger","ok":false,"phase":"no-trigger","reason":"页面未登记该交互状态可用的触发器"},{"state":"invalid","verdict":"ok","ok":true,"phase":"invalid","dialogKeptOpen":true,"fieldErrors":["请填写开始时间","请填写结束时间"],"fieldErrorCount":2,"correctableCount":4,"blocked":[]}],"reducedMotion":{"matched":true,"durationFast":"0ms"},"remark":"每页 1 条 Electron 开发模式固有 CSP 安全警告（Insecure Content-Security-Policy），打包后不出现，非应用日志，不算失败"}
wrote /Volumes/code/YUMI/openspec/changes/archive/2026-09-17-rebuild-yumi-ui-system/baselines/interact-check/finance.json
CHECK {"page":"finance","renderer":{"innerWidth":1440,"innerHeight":920},"statesRequested":["dialog","sheet","popover","invalid"],"runtimeErrorsInstalled":true,"runtimeErrors":[],"consoleMessages":[{"level":2,"message":"%cElectron Security Warning (Insecure Content-Security-Policy) font-weight: bold; This renderer process has either no Content Security\n  Policy set or a policy with \"unsafe-eval\" enabled. This exposes users of\n  this app to unnecessary security risks.\n\nFor more information and help, consult\nhttps://electronjs.org/docs/tutorial/security.\nThis warning will not show up\nonce the app is packaged.","line":2,"sourceId":"node:electron/js2c/renderer_init"}],"consoleErrors":0,"consoleWarnings":1,"loadFailures":[],"keyboard":{"focusableCount":15,"firstTag":"BUTTON","firstText":"工作台","programmaticFocusReachable":true,"note":"隐藏窗口无系统焦点，Tab 逐键语义由 jsdom 契约层覆盖（select/dialog/sheet 键盘用例）"},"focusRestore":{"ok":true,"dialogOpen":true,"popperOpen":false,"restored":true,"activeText":"登记收支"},"states":[{"state":"dialog","verdict":"no-trigger","ok":false,"phase":"no-trigger","reason":"页面未登记该交互状态可用的触发器"},{"state":"sheet","verdict":"ok","ok":true,"phase":"close","opened":true,"close":{"closeable":true,"stillOpen":false,"restored":true,"triggerText":"登记收支","activeText":"登记收支"}},{"state":"popover","verdict":"ok","ok":true,"phase":"close","opened":true,"close":{"closeable":true,"stillOpen":false,"restored":true,"triggerText":"2026年09月","activeText":"2026年09月"}},{"state":"invalid","verdict":"no-trigger","ok":false,"phase":"no-trigger","reason":"页面未登记该交互状态可用的触发器"}],"reducedMotion":{"matched":true,"durationFast":"0ms"},"remark":"每页 1 条 Electron 开发模式固有 CSP 安全警告（Insecure Content-Security-Policy），打包后不出现，非应用日志，不算失败"}
[48750:0918/014839.213810:ERROR:shared_image_manager.cc(357)] SharedImageManager::ProduceMemory: Trying to Produce a Memory representation from a non-existent mailbox.
[48750:0918/014839.214556:ERROR:shared_image_manager.cc(357)] SharedImageManager::ProduceMemory: Trying to Produce a Memory representation from a non-existent mailbox.
[48750:0918/014839.214612:ERROR:shared_image_manager.cc(357)] SharedImageManager::ProduceMemory: Trying to Produce a Memory representation from a non-existent mailbox.
[48750:0918/014839.214638:ERROR:shared_image_manager.cc(357)] SharedImageManager::ProduceMemory: Trying to Produce a Memory representation from a non-existent mailbox.
[48750:0918/014839.214657:ERROR:shared_image_manager.cc(357)] SharedImageManager::ProduceMemory: Trying to Produce a Memory representation from a non-existent mailbox.
[48750:0918/014839.214673:ERROR:shared_image_manager.cc(357)] SharedImageManager::ProduceMemory: Trying to Produce a Memory representation from a non-existent mailbox.
[48750:0918/014839.214690:ERROR:shared_image_manager.cc(357)] SharedImageManager::ProduceMemory: Trying to Produce a Memory representation from a non-existent mailbox.
[48750:0918/014839.214734:ERROR:shared_image_manager.cc(357)] SharedImageManager::ProduceMemory: Trying to Produce a Memory representation from a non-existent mailbox.
[48750:0918/014839.214759:ERROR:shared_image_manager.cc(357)] SharedImageManager::ProduceMemory: Trying to Produce a Memory representation from a non-existent mailbox.
[48750:0918/014839.214776:ERROR:shared_image_manager.cc(357)] SharedImageManager::ProduceMemory: Trying to Produce a Memory representation from a non-existent mailbox.
[48750:0918/014839.214790:ERROR:shared_image_manager.cc(357)] SharedImageManager::ProduceMemory: Trying to Produce a Memory representation from a non-existent mailbox.
[48750:0918/014839.214805:ERROR:shared_image_manager.cc(357)] SharedImageManager::ProduceMemory: Trying to Produce a Memory representation from a non-existent mailbox.
[48750:0918/014839.214827:ERROR:shared_image_manager.cc(357)] SharedImageManager::ProduceMemory: Trying to Produce a Memory representation from a non-existent mailbox.
wrote /Volumes/code/YUMI/openspec/changes/archive/2026-09-17-rebuild-yumi-ui-system/baselines/interact-check/reports.json
CHECK {"page":"reports","renderer":{"innerWidth":1440,"innerHeight":920},"statesRequested":["dialog","sheet","popover","invalid"],"runtimeErrorsInstalled":true,"runtimeErrors":[],"consoleMessages":[{"level":2,"message":"%cElectron Security Warning (Insecure Content-Security-Policy) font-weight: bold; This renderer process has either no Content Security\n  Policy set or a policy with \"unsafe-eval\" enabled. This exposes users of\n  this app to unnecessary security risks.\n\nFor more information and help, consult\nhttps://electronjs.org/docs/tutorial/security.\nThis warning will not show up\nonce the app is packaged.","line":2,"sourceId":"node:electron/js2c/renderer_init"}],"consoleErrors":0,"consoleWarnings":1,"loadFailures":[],"keyboard":{"focusableCount":49,"firstTag":"BUTTON","firstText":"工作台","programmaticFocusReachable":true,"note":"隐藏窗口无系统焦点，Tab 逐键语义由 jsdom 契约层覆盖（select/dialog/sheet 键盘用例）"},"focusRestore":null,"states":[{"state":"dialog","verdict":"no-trigger","ok":false,"phase":"no-trigger","reason":"页面未登记该交互状态可用的触发器"},{"state":"sheet","verdict":"no-trigger","ok":false,"phase":"no-trigger","reason":"页面未登记该交互状态可用的触发器"},{"state":"popover","verdict":"ok","ok":true,"phase":"close","opened":true,"close":{"closeable":true,"stillOpen":false,"restored":true,"triggerText":"更多操作","activeText":"更多操作"}},{"state":"invalid","verdict":"no-trigger","ok":false,"phase":"no-trigger","reason":"页面未登记该交互状态可用的触发器"}],"reducedMotion":{"matched":true,"durationFast":"0ms"},"remark":"每页 1 条 Electron 开发模式固有 CSP 安全警告（Insecure Content-Security-Policy），打包后不出现，非应用日志，不算失败"}
[48816:0918/014843.952883:ERROR:shared_image_manager.cc(357)] SharedImageManager::ProduceMemory: Trying to Produce a Memory representation from a non-existent mailbox.
[48816:0918/014843.954001:ERROR:shared_image_manager.cc(357)] SharedImageManager::ProduceMemory: Trying to Produce a Memory representation from a non-existent mailbox.
[48816:0918/014843.954043:ERROR:shared_image_manager.cc(357)] SharedImageManager::ProduceMemory: Trying to Produce a Memory representation from a non-existent mailbox.
[48816:0918/014843.954063:ERROR:shared_image_manager.cc(357)] SharedImageManager::ProduceMemory: Trying to Produce a Memory representation from a non-existent mailbox.
[48816:0918/014843.954080:ERROR:shared_image_manager.cc(357)] SharedImageManager::ProduceMemory: Trying to Produce a Memory representation from a non-existent mailbox.
[48816:0918/014843.954099:ERROR:shared_image_manager.cc(357)] SharedImageManager::ProduceMemory: Trying to Produce a Memory representation from a non-existent mailbox.
[48816:0918/014843.954131:ERROR:shared_image_manager.cc(357)] SharedImageManager::ProduceMemory: Trying to Produce a Memory representation from a non-existent mailbox.
[48816:0918/014843.954146:ERROR:shared_image_manager.cc(357)] SharedImageManager::ProduceMemory: Trying to Produce a Memory representation from a non-existent mailbox.
[48816:0918/014843.954163:ERROR:shared_image_manager.cc(357)] SharedImageManager::ProduceMemory: Trying to Produce a Memory representation from a non-existent mailbox.
[48816:0918/014843.954177:ERROR:shared_image_manager.cc(357)] SharedImageManager::ProduceMemory: Trying to Produce a Memory representation from a non-existent mailbox.
[48816:0918/014843.954186:ERROR:shared_image_manager.cc(357)] SharedImageManager::ProduceMemory: Trying to Produce a Memory representation from a non-existent mailbox.
[48816:0918/014843.954195:ERROR:shared_image_manager.cc(357)] SharedImageManager::ProduceMemory: Trying to Produce a Memory representation from a non-existent mailbox.
[48816:0918/014843.954206:ERROR:shared_image_manager.cc(357)] SharedImageManager::ProduceMemory: Trying to Produce a Memory representation from a non-existent mailbox.
[48816:0918/014843.954216:ERROR:shared_image_manager.cc(357)] SharedImageManager::ProduceMemory: Trying to Produce a Memory representation from a non-existent mailbox.
[48816:0918/014843.954228:ERROR:shared_image_manager.cc(357)] SharedImageManager::ProduceMemory: Trying to Produce a Memory representation from a non-existent mailbox.
[48816:0918/014843.954243:ERROR:shared_image_manager.cc(357)] SharedImageManager::ProduceMemory: Trying to Produce a Memory representation from a non-existent mailbox.
[48816:0918/014843.954254:ERROR:shared_image_manager.cc(357)] SharedImageManager::ProduceMemory: Trying to Produce a Memory representation from a non-existent mailbox.
[48816:0918/014843.954266:ERROR:shared_image_manager.cc(357)] SharedImageManager::ProduceMemory: Trying to Produce a Memory representation from a non-existent mailbox.
[48816:0918/014843.954275:ERROR:shared_image_manager.cc(357)] SharedImageManager::ProduceMemory: Trying to Produce a Memory representation from a non-existent mailbox.
[48816:0918/014843.954285:ERROR:shared_image_manager.cc(357)] SharedImageManager::ProduceMemory: Trying to Produce a Memory representation from a non-existent mailbox.
[48816:0918/014843.954297:ERROR:shared_image_manager.cc(357)] SharedImageManager::ProduceMemory: Trying to Produce a Memory representation from a non-existent mailbox.
[48816:0918/014843.954341:ERROR:shared_image_manager.cc(357)] SharedImageManager::ProduceMemory: Trying to Produce a Memory representation from a non-existent mailbox.
[48816:0918/014843.954371:ERROR:shared_image_manager.cc(357)] SharedImageManager::ProduceMemory: Trying to Produce a Memory representation from a non-existent mailbox.
[48816:0918/014843.954387:ERROR:shared_image_manager.cc(357)] SharedImageManager::ProduceMemory: Trying to Produce a Memory representation from a non-existent mailbox.
[48816:0918/014843.954403:ERROR:shared_image_manager.cc(357)] SharedImageManager::ProduceMemory: Trying to Produce a Memory representation from a non-existent mailbox.
[48816:0918/014843.954417:ERROR:shared_image_manager.cc(357)] SharedImageManager::ProduceMemory: Trying to Produce a Memory representation from a non-existent mailbox.
[48816:0918/014843.954439:ERROR:shared_image_manager.cc(357)] SharedImageManager::ProduceMemory: Trying to Produce a Memory representation from a non-existent mailbox.
[48816:0918/014843.954454:ERROR:shared_image_manager.cc(357)] SharedImageManager::ProduceMemory: Trying to Produce a Memory representation from a non-existent mailbox.
wrote /Volumes/code/YUMI/openspec/changes/archive/2026-09-17-rebuild-yumi-ui-system/baselines/interact-check/customers.json
CHECK {"page":"customers","renderer":{"innerWidth":1440,"innerHeight":920},"statesRequested":["dialog","sheet","popover","invalid"],"runtimeErrorsInstalled":true,"runtimeErrors":[],"consoleMessages":[{"level":2,"message":"%cElectron Security Warning (Insecure Content-Security-Policy) font-weight: bold; This renderer process has either no Content Security\n  Policy set or a policy with \"unsafe-eval\" enabled. This exposes users of\n  this app to unnecessary security risks.\n\nFor more information and help, consult\nhttps://electronjs.org/docs/tutorial/security.\nThis warning will not show up\nonce the app is packaged.","line":2,"sourceId":"node:electron/js2c/renderer_init"}],"consoleErrors":0,"consoleWarnings":1,"loadFailures":[],"keyboard":{"focusableCount":24,"firstTag":"BUTTON","firstText":"工作台","programmaticFocusReachable":true,"note":"隐藏窗口无系统焦点，Tab 逐键语义由 jsdom 契约层覆盖（select/dialog/sheet 键盘用例）"},"focusRestore":{"ok":true,"dialogOpen":true,"popperOpen":false,"restored":true,"activeText":"新建客户"},"states":[{"state":"dialog","verdict":"no-trigger","ok":false,"phase":"no-trigger","reason":"页面未登记该交互状态可用的触发器"},{"state":"sheet","verdict":"ok","ok":true,"phase":"close","opened":true,"close":{"closeable":true,"stillOpen":false,"restored":true,"triggerText":"新建客户","activeText":"新建客户"}},{"state":"popover","verdict":"no-trigger","ok":false,"phase":"no-trigger","reason":"页面未登记该交互状态可用的触发器"},{"state":"invalid","verdict":"no-trigger","ok":false,"phase":"no-trigger","reason":"页面未登记该交互状态可用的触发器"}],"reducedMotion":{"matched":true,"durationFast":"0ms"},"remark":"每页 1 条 Electron 开发模式固有 CSP 安全警告（Insecure Content-Security-Policy），打包后不出现，非应用日志，不算失败"}
[49291:0918/014849.571670:ERROR:shared_image_manager.cc(357)] SharedImageManager::ProduceMemory: Trying to Produce a Memory representation from a non-existent mailbox.
[49291:0918/014849.571745:ERROR:shared_image_manager.cc(357)] SharedImageManager::ProduceMemory: Trying to Produce a Memory representation from a non-existent mailbox.
[49291:0918/014849.571779:ERROR:shared_image_manager.cc(357)] SharedImageManager::ProduceMemory: Trying to Produce a Memory representation from a non-existent mailbox.
[49291:0918/014849.571804:ERROR:shared_image_manager.cc(357)] SharedImageManager::ProduceMemory: Trying to Produce a Memory representation from a non-existent mailbox.
[49291:0918/014849.571822:ERROR:shared_image_manager.cc(357)] SharedImageManager::ProduceMemory: Trying to Produce a Memory representation from a non-existent mailbox.
[49291:0918/014849.571840:ERROR:shared_image_manager.cc(357)] SharedImageManager::ProduceMemory: Trying to Produce a Memory representation from a non-existent mailbox.
[49291:0918/014849.571854:ERROR:shared_image_manager.cc(357)] SharedImageManager::ProduceMemory: Trying to Produce a Memory representation from a non-existent mailbox.
[49291:0918/014849.571876:ERROR:shared_image_manager.cc(357)] SharedImageManager::ProduceMemory: Trying to Produce a Memory representation from a non-existent mailbox.
[49291:0918/014849.571894:ERROR:shared_image_manager.cc(357)] SharedImageManager::ProduceMemory: Trying to Produce a Memory representation from a non-existent mailbox.
[49291:0918/014849.571911:ERROR:shared_image_manager.cc(357)] SharedImageManager::ProduceMemory: Trying to Produce a Memory representation from a non-existent mailbox.
[49291:0918/014849.571928:ERROR:shared_image_manager.cc(357)] SharedImageManager::ProduceMemory: Trying to Produce a Memory representation from a non-existent mailbox.
[49291:0918/014849.571946:ERROR:shared_image_manager.cc(357)] SharedImageManager::ProduceMemory: Trying to Produce a Memory representation from a non-existent mailbox.
[49291:0918/014849.571965:ERROR:shared_image_manager.cc(357)] SharedImageManager::ProduceMemory: Trying to Produce a Memory representation from a non-existent mailbox.
[49291:0918/014849.571984:ERROR:shared_image_manager.cc(357)] SharedImageManager::ProduceMemory: Trying to Produce a Memory representation from a non-existent mailbox.
[49291:0918/014849.572003:ERROR:shared_image_manager.cc(357)] SharedImageManager::ProduceMemory: Trying to Produce a Memory representation from a non-existent mailbox.
[49291:0918/014849.572118:ERROR:shared_image_manager.cc(357)] SharedImageManager::ProduceMemory: Trying to Produce a Memory representation from a non-existent mailbox.
[49291:0918/014849.572157:ERROR:shared_image_manager.cc(357)] SharedImageManager::ProduceMemory: Trying to Produce a Memory representation from a non-existent mailbox.
[49291:0918/014849.572181:ERROR:shared_image_manager.cc(357)] SharedImageManager::ProduceMemory: Trying to Produce a Memory representation from a non-existent mailbox.
[49291:0918/014849.572200:ERROR:shared_image_manager.cc(357)] SharedImageManager::ProduceMemory: Trying to Produce a Memory representation from a non-existent mailbox.
[49291:0918/014849.572215:ERROR:shared_image_manager.cc(357)] SharedImageManager::ProduceMemory: Trying to Produce a Memory representation from a non-existent mailbox.
[49291:0918/014849.572232:ERROR:shared_image_manager.cc(357)] SharedImageManager::ProduceMemory: Trying to Produce a Memory representation from a non-existent mailbox.
[49291:0918/014849.572248:ERROR:shared_image_manager.cc(357)] SharedImageManager::ProduceMemory: Trying to Produce a Memory representation from a non-existent mailbox.
[49291:0918/014849.572263:ERROR:shared_image_manager.cc(357)] SharedImageManager::ProduceMemory: Trying to Produce a Memory representation from a non-existent mailbox.
[49291:0918/014849.572278:ERROR:shared_image_manager.cc(357)] SharedImageManager::ProduceMemory: Trying to Produce a Memory representation from a non-existent mailbox.
[49291:0918/014849.572299:ERROR:shared_image_manager.cc(357)] SharedImageManager::ProduceMemory: Trying to Produce a Memory representation from a non-existent mailbox.
[49291:0918/014849.572316:ERROR:shared_image_manager.cc(357)] SharedImageManager::ProduceMemory: Trying to Produce a Memory representation from a non-existent mailbox.
wrote /Volumes/code/YUMI/openspec/changes/archive/2026-09-17-rebuild-yumi-ui-system/baselines/interact-check/settings.json
CHECK {"page":"settings","renderer":{"innerWidth":1440,"innerHeight":920},"statesRequested":["dialog","sheet","popover","invalid"],"runtimeErrorsInstalled":true,"runtimeErrors":[],"consoleMessages":[{"level":2,"message":"%cElectron Security Warning (Insecure Content-Security-Policy) font-weight: bold; This renderer process has either no Content Security\n  Policy set or a policy with \"unsafe-eval\" enabled. This exposes users of\n  this app to unnecessary security risks.\n\nFor more information and help, consult\nhttps://electronjs.org/docs/tutorial/security.\nThis warning will not show up\nonce the app is packaged.","line":2,"sourceId":"node:electron/js2c/renderer_init"}],"consoleErrors":0,"consoleWarnings":1,"loadFailures":[],"keyboard":{"focusableCount":14,"firstTag":"BUTTON","firstText":"工作台","programmaticFocusReachable":true,"note":"隐藏窗口无系统焦点，Tab 逐键语义由 jsdom 契约层覆盖（select/dialog/sheet 键盘用例）"},"focusRestore":{"ok":true,"dialogOpen":true,"popperOpen":false,"restored":true,"activeText":"编辑工作室参数"},"states":[{"state":"dialog","verdict":"ok","ok":true,"phase":"close","opened":true,"close":{"closeable":true,"stillOpen":false,"restored":true,"triggerText":"删除","activeText":"删除"}},{"state":"sheet","verdict":"ok","ok":true,"phase":"close","opened":true,"close":{"closeable":true,"stillOpen":false,"restored":true,"triggerText":"编辑工作室参数","activeText":"编辑工作室参数"}},{"state":"popover","verdict":"no-trigger","ok":false,"phase":"no-trigger","reason":"页面未登记该交互状态可用的触发器"},{"state":"invalid","verdict":"no-trigger","ok":false,"phase":"no-trigger","reason":"页面未登记该交互状态可用的触发器"}],"reducedMotion":{"matched":true,"durationFast":"0ms"},"remark":"每页 1 条 Electron 开发模式固有 CSP 安全警告（Insecure Content-Security-Policy），打包后不出现，非应用日志，不算失败"}
[49341:0918/014858.880204:ERROR:shared_image_manager.cc(357)] SharedImageManager::ProduceMemory: Trying to Produce a Memory representation from a non-existent mailbox.
[49341:0918/014858.880301:ERROR:shared_image_manager.cc(357)] SharedImageManager::ProduceMemory: Trying to Produce a Memory representation from a non-existent mailbox.
[49341:0918/014858.880330:ERROR:shared_image_manager.cc(357)] SharedImageManager::ProduceMemory: Trying to Produce a Memory representation from a non-existent mailbox.
[49341:0918/014858.880352:ERROR:shared_image_manager.cc(357)] SharedImageManager::ProduceMemory: Trying to Produce a Memory representation from a non-existent mailbox.
[49341:0918/014858.880372:ERROR:shared_image_manager.cc(357)] SharedImageManager::ProduceMemory: Trying to Produce a Memory representation from a non-existent mailbox.
[49341:0918/014858.880395:ERROR:shared_image_manager.cc(357)] SharedImageManager::ProduceMemory: Trying to Produce a Memory representation from a non-existent mailbox.
[49341:0918/014858.880418:ERROR:shared_image_manager.cc(357)] SharedImageManager::ProduceMemory: Trying to Produce a Memory representation from a non-existent mailbox.
[49341:0918/014858.880437:ERROR:shared_image_manager.cc(357)] SharedImageManager::ProduceMemory: Trying to Produce a Memory representation from a non-existent mailbox.
[49341:0918/014858.880458:ERROR:shared_image_manager.cc(357)] SharedImageManager::ProduceMemory: Trying to Produce a Memory representation from a non-existent mailbox.
[49341:0918/014858.880480:ERROR:shared_image_manager.cc(357)] SharedImageManager::ProduceMemory: Trying to Produce a Memory representation from a non-existent mailbox.
[49341:0918/014858.880498:ERROR:shared_image_manager.cc(357)] SharedImageManager::ProduceMemory: Trying to Produce a Memory representation from a non-existent mailbox.
[49341:0918/014858.880520:ERROR:shared_image_manager.cc(357)] SharedImageManager::ProduceMemory: Trying to Produce a Memory representation from a non-existent mailbox.
[49341:0918/014858.880542:ERROR:shared_image_manager.cc(357)] SharedImageManager::ProduceMemory: Trying to Produce a Memory representation from a non-existent mailbox.
wrote /Volumes/code/YUMI/openspec/changes/archive/2026-09-17-rebuild-yumi-ui-system/baselines/interact-check/settlements.json
CHECK {"page":"settlements","renderer":{"innerWidth":1440,"innerHeight":920},"statesRequested":["dialog","sheet","popover","invalid"],"runtimeErrorsInstalled":true,"runtimeErrors":[],"consoleMessages":[{"level":2,"message":"%cElectron Security Warning (Insecure Content-Security-Policy) font-weight: bold; This renderer process has either no Content Security\n  Policy set or a policy with \"unsafe-eval\" enabled. This exposes users of\n  this app to unnecessary security risks.\n\nFor more information and help, consult\nhttps://electronjs.org/docs/tutorial/security.\nThis warning will not show up\nonce the app is packaged.","line":2,"sourceId":"node:electron/js2c/renderer_init"}],"consoleErrors":0,"consoleWarnings":1,"loadFailures":[],"keyboard":{"focusableCount":21,"firstTag":"BUTTON","firstText":"工作台","programmaticFocusReachable":true,"note":"隐藏窗口无系统焦点，Tab 逐键语义由 jsdom 契约层覆盖（select/dialog/sheet 键盘用例）"},"focusRestore":null,"states":[{"state":"dialog","verdict":"no-trigger","ok":false,"phase":"no-trigger","reason":"页面未登记该交互状态可用的触发器"},{"state":"sheet","verdict":"ok","ok":true,"phase":"close","opened":true,"close":{"closeable":true,"stillOpen":false,"restored":true,"triggerText":"新建结算","activeText":"新建结算"}},{"state":"popover","verdict":"no-trigger","ok":false,"phase":"no-trigger","reason":"页面未登记该交互状态可用的触发器"},{"state":"invalid","verdict":"no-trigger","ok":false,"phase":"no-trigger","reason":"页面未登记该交互状态可用的触发器"}],"reducedMotion":{"matched":true,"durationFast":"0ms"},"remark":"每页 1 条 Electron 开发模式固有 CSP 安全警告（Insecure Content-Security-Policy），打包后不出现，非应用日志，不算失败"}
[49461:0918/014903.615060:ERROR:shared_image_manager.cc(357)] SharedImageManager::ProduceMemory: Trying to Produce a Memory representation from a non-existent mailbox.
[49461:0918/014903.615146:ERROR:shared_image_manager.cc(357)] SharedImageManager::ProduceMemory: Trying to Produce a Memory representation from a non-existent mailbox.
[49461:0918/014903.615181:ERROR:shared_image_manager.cc(357)] SharedImageManager::ProduceMemory: Trying to Produce a Memory representation from a non-existent mailbox.
[49461:0918/014903.615202:ERROR:shared_image_manager.cc(357)] SharedImageManager::ProduceMemory: Trying to Produce a Memory representation from a non-existent mailbox.
[49461:0918/014903.615221:ERROR:shared_image_manager.cc(357)] SharedImageManager::ProduceMemory: Trying to Produce a Memory representation from a non-existent mailbox.
[49461:0918/014903.615235:ERROR:shared_image_manager.cc(357)] SharedImageManager::ProduceMemory: Trying to Produce a Memory representation from a non-existent mailbox.
[49461:0918/014903.615250:ERROR:shared_image_manager.cc(357)] SharedImageManager::ProduceMemory: Trying to Produce a Memory representation from a non-existent mailbox.
[49461:0918/014903.615263:ERROR:shared_image_manager.cc(357)] SharedImageManager::ProduceMemory: Trying to Produce a Memory representation from a non-existent mailbox.
[49461:0918/014903.615280:ERROR:shared_image_manager.cc(357)] SharedImageManager::ProduceMemory: Trying to Produce a Memory representation from a non-existent mailbox.
[49461:0918/014903.615295:ERROR:shared_image_manager.cc(357)] SharedImageManager::ProduceMemory: Trying to Produce a Memory representation from a non-existent mailbox.
[49461:0918/014903.615311:ERROR:shared_image_manager.cc(357)] SharedImageManager::ProduceMemory: Trying to Produce a Memory representation from a non-existent mailbox.
[49461:0918/014903.615325:ERROR:shared_image_manager.cc(357)] SharedImageManager::ProduceMemory: Trying to Produce a Memory representation from a non-existent mailbox.
[49461:0918/014903.615338:ERROR:shared_image_manager.cc(357)] SharedImageManager::ProduceMemory: Trying to Produce a Memory representation from a non-existent mailbox.
[49461:0918/014903.615352:ERROR:shared_image_manager.cc(357)] SharedImageManager::ProduceMemory: Trying to Produce a Memory representation from a non-existent mailbox.
[49461:0918/014903.615367:ERROR:shared_image_manager.cc(357)] SharedImageManager::ProduceMemory: Trying to Produce a Memory representation from a non-existent mailbox.
[49461:0918/014903.615387:ERROR:shared_image_manager.cc(357)] SharedImageManager::ProduceMemory: Trying to Produce a Memory representation from a non-existent mailbox.
[49461:0918/014903.615401:ERROR:shared_image_manager.cc(357)] SharedImageManager::ProduceMemory: Trying to Produce a Memory representation from a non-existent mailbox.
[49461:0918/014903.615415:ERROR:shared_image_manager.cc(357)] SharedImageManager::ProduceMemory: Trying to Produce a Memory representation from a non-existent mailbox.
[49461:0918/014903.615430:ERROR:shared_image_manager.cc(357)] SharedImageManager::ProduceMemory: Trying to Produce a Memory representation from a non-existent mailbox.
[49461:0918/014903.615444:ERROR:shared_image_manager.cc(357)] SharedImageManager::ProduceMemory: Trying to Produce a Memory representation from a non-existent mailbox.
[49461:0918/014903.615459:ERROR:shared_image_manager.cc(357)] SharedImageManager::ProduceMemory: Trying to Produce a Memory representation from a non-existent mailbox.
wrote /Volumes/code/YUMI/openspec/changes/archive/2026-09-17-rebuild-yumi-ui-system/baselines/interact-check/workers.json
CHECK {"page":"workers","renderer":{"innerWidth":1440,"innerHeight":920},"statesRequested":["dialog","sheet","popover","invalid"],"runtimeErrorsInstalled":true,"runtimeErrors":[],"consoleMessages":[{"level":2,"message":"%cElectron Security Warning (Insecure Content-Security-Policy) font-weight: bold; This renderer process has either no Content Security\n  Policy set or a policy with \"unsafe-eval\" enabled. This exposes users of\n  this app to unnecessary security risks.\n\nFor more information and help, consult\nhttps://electronjs.org/docs/tutorial/security.\nThis warning will not show up\nonce the app is packaged.","line":2,"sourceId":"node:electron/js2c/renderer_init"}],"consoleErrors":0,"consoleWarnings":1,"loadFailures":[],"keyboard":{"focusableCount":24,"firstTag":"BUTTON","firstText":"工作台","programmaticFocusReachable":true,"note":"隐藏窗口无系统焦点，Tab 逐键语义由 jsdom 契约层覆盖（select/dialog/sheet 键盘用例）"},"focusRestore":null,"states":[{"state":"dialog","verdict":"no-trigger","ok":false,"phase":"no-trigger","reason":"页面未登记该交互状态可用的触发器"},{"state":"sheet","verdict":"no-trigger","ok":false,"phase":"no-trigger","reason":"页面未登记该交互状态可用的触发器"},{"state":"popover","verdict":"no-trigger","ok":false,"phase":"no-trigger","reason":"页面未登记该交互状态可用的触发器"},{"state":"invalid","verdict":"no-trigger","ok":false,"phase":"no-trigger","reason":"页面未登记该交互状态可用的触发器"}],"reducedMotion":{"matched":true,"durationFast":"0ms"},"remark":"每页 1 条 Electron 开发模式固有 CSP 安全警告（Insecure Content-Security-Policy），打包后不出现，非应用日志，不算失败"}
wrote /Volumes/code/YUMI/openspec/changes/archive/2026-09-17-rebuild-yumi-ui-system/baselines/interact-check/work-assignments.json
CHECK {"page":"work-assignments","renderer":{"innerWidth":1440,"innerHeight":920},"statesRequested":["dialog","sheet","popover","invalid"],"runtimeErrorsInstalled":true,"runtimeErrors":[],"consoleMessages":[{"level":2,"message":"%cElectron Security Warning (Insecure Content-Security-Policy) font-weight: bold; This renderer process has either no Content Security\n  Policy set or a policy with \"unsafe-eval\" enabled. This exposes users of\n  this app to unnecessary security risks.\n\nFor more information and help, consult\nhttps://electronjs.org/docs/tutorial/security.\nThis warning will not show up\nonce the app is packaged.","line":2,"sourceId":"node:electron/js2c/renderer_init"}],"consoleErrors":0,"consoleWarnings":1,"loadFailures":[],"keyboard":{"focusableCount":22,"firstTag":"BUTTON","firstText":"工作台","programmaticFocusReachable":true,"note":"隐藏窗口无系统焦点，Tab 逐键语义由 jsdom 契约层覆盖（select/dialog/sheet 键盘用例）"},"focusRestore":null,"states":[{"state":"dialog","verdict":"no-trigger","ok":false,"phase":"no-trigger","reason":"页面未登记该交互状态可用的触发器"},{"state":"sheet","verdict":"ok","ok":true,"phase":"close","opened":true,"close":{"closeable":true,"stillOpen":false,"restored":true,"triggerText":"＋ 派工","activeText":"＋ 派工"}},{"state":"popover","verdict":"no-trigger","ok":false,"phase":"no-trigger","reason":"页面未登记该交互状态可用的触发器"},{"state":"invalid","verdict":"no-trigger","ok":false,"phase":"no-trigger","reason":"页面未登记该交互状态可用的触发器"}],"reducedMotion":{"matched":true,"durationFast":"0ms"},"remark":"每页 1 条 Electron 开发模式固有 CSP 安全警告（Insecure Content-Security-Policy），打包后不出现，非应用日志，不算失败"}
[49545:0918/014909.917314:ERROR:shared_image_manager.cc(357)] SharedImageManager::ProduceMemory: Trying to Produce a Memory representation from a non-existent mailbox.
[49545:0918/014909.917379:ERROR:shared_image_manager.cc(357)] SharedImageManager::ProduceMemory: Trying to Produce a Memory representation from a non-existent mailbox.
[49545:0918/014909.917412:ERROR:shared_image_manager.cc(357)] SharedImageManager::ProduceMemory: Trying to Produce a Memory representation from a non-existent mailbox.
[49545:0918/014909.917443:ERROR:shared_image_manager.cc(357)] SharedImageManager::ProduceMemory: Trying to Produce a Memory representation from a non-existent mailbox.
[49545:0918/014909.917467:ERROR:shared_image_manager.cc(357)] SharedImageManager::ProduceMemory: Trying to Produce a Memory representation from a non-existent mailbox.
[49545:0918/014909.917491:ERROR:shared_image_manager.cc(357)] SharedImageManager::ProduceMemory: Trying to Produce a Memory representation from a non-existent mailbox.
[49545:0918/014909.917539:ERROR:shared_image_manager.cc(357)] SharedImageManager::ProduceMemory: Trying to Produce a Memory representation from a non-existent mailbox.
[49545:0918/014909.917561:ERROR:shared_image_manager.cc(357)] SharedImageManager::ProduceMemory: Trying to Produce a Memory representation from a non-existent mailbox.
[49545:0918/014909.917576:ERROR:shared_image_manager.cc(357)] SharedImageManager::ProduceMemory: Trying to Produce a Memory representation from a non-existent mailbox.
[49545:0918/014909.917595:ERROR:shared_image_manager.cc(357)] SharedImageManager::ProduceMemory: Trying to Produce a Memory representation from a non-existent mailbox.
[49545:0918/014909.917610:ERROR:shared_image_manager.cc(357)] SharedImageManager::ProduceMemory: Trying to Produce a Memory representation from a non-existent mailbox.
[49545:0918/014909.917624:ERROR:shared_image_manager.cc(357)] SharedImageManager::ProduceMemory: Trying to Produce a Memory representation from a non-existent mailbox.
[49545:0918/014909.917640:ERROR:shared_image_manager.cc(357)] SharedImageManager::ProduceMemory: Trying to Produce a Memory representation from a non-existent mailbox.
[49545:0918/014909.917654:ERROR:shared_image_manager.cc(357)] SharedImageManager::ProduceMemory: Trying to Produce a Memory representation from a non-existent mailbox.
[49545:0918/014909.917668:ERROR:shared_image_manager.cc(357)] SharedImageManager::ProduceMemory: Trying to Produce a Memory representation from a non-existent mailbox.
[49545:0918/014909.917684:ERROR:shared_image_manager.cc(357)] SharedImageManager::ProduceMemory: Trying to Produce a Memory representation from a non-existent mailbox.
[49545:0918/014909.917700:ERROR:shared_image_manager.cc(357)] SharedImageManager::ProduceMemory: Trying to Produce a Memory representation from a non-existent mailbox.
[49545:0918/014909.917719:ERROR:shared_image_manager.cc(357)] SharedImageManager::ProduceMemory: Trying to Produce a Memory representation from a non-existent mailbox.
[49545:0918/014909.917732:ERROR:shared_image_manager.cc(357)] SharedImageManager::ProduceMemory: Trying to Produce a Memory representation from a non-existent mailbox.
[49545:0918/014909.917747:ERROR:shared_image_manager.cc(357)] SharedImageManager::ProduceMemory: Trying to Produce a Memory representation from a non-existent mailbox.
[49545:0918/014909.917764:ERROR:shared_image_manager.cc(357)] SharedImageManager::ProduceMemory: Trying to Produce a Memory representation from a non-existent mailbox.
[49545:0918/014909.917814:ERROR:shared_image_manager.cc(357)] SharedImageManager::ProduceMemory: Trying to Produce a Memory representation from a non-existent mailbox.
[49545:0918/014909.917840:ERROR:shared_image_manager.cc(357)] SharedImageManager::ProduceMemory: Trying to Produce a Memory representation from a non-existent mailbox.
